%!Adobe-FontList 1.20
%Locale:0x1c09

%BeginFont
Handler:DirectoryHandler
FontType:Type1
FontName:MarkPro-BlackItalic
FamilyName:Mark Pro
StyleName:Black Italic
FullName:MarkPro-BlackItalic
MenuName:MarkPro-BlackItalic
StyleBits:0
WritingScript:Roman
OutlineFileName:D:\Desktop\HAF\Design\Font\FontFont_FF.Mark.Pro.Black.Italic.otf
DataFormat:sfntData
UsesStandardEncoding:yes
isCFF:yes
hasSVG:no
VariableFontType:NonVariableFont
FileLength:167044
FileModTime:1530795322
WeightClass:900
WidthClass:5
AngleClass:1
NameArray:0,Mac,4,MarkPro-BlackItalic
NameArray:0,Win,1,MarkPro-BlackItalic
NameArray:0,Win,16,Mark Pro
%EndFont

%BeginFont
Handler:DirectoryHandler
FontType:Type1
FontName:MarkPro-Black
FamilyName:Mark Pro
StyleName:Black
FullName:MarkPro-Black
MenuName:MarkPro-Black
StyleBits:0
WritingScript:Roman
OutlineFileName:D:\Desktop\HAF\Design\Font\FontFont_FF.Mark.Pro.Black.otf
DataFormat:sfntData
UsesStandardEncoding:yes
isCFF:yes
hasSVG:no
VariableFontType:NonVariableFont
FileLength:164300
FileModTime:1530795322
WeightClass:900
WidthClass:5
AngleClass:0
NameArray:0,Mac,4,MarkPro-Black
NameArray:0,Win,1,MarkPro-Black
NameArray:0,Win,16,Mark Pro
%EndFont

%BeginFont
Handler:DirectoryHandler
FontType:Type1
FontName:MarkPro-BoldItalic
FamilyName:Mark Pro
StyleName:Bold Italic
FullName:MarkPro-BoldItalic
MenuName:MarkPro-BoldItalic
StyleBits:0
WritingScript:Roman
OutlineFileName:D:\Desktop\HAF\Design\Font\FontFont_FF.Mark.Pro.Bold.Italic.otf
DataFormat:sfntData
UsesStandardEncoding:yes
isCFF:yes
hasSVG:no
VariableFontType:NonVariableFont
FileLength:168468
FileModTime:1530795322
WeightClass:700
WidthClass:5
AngleClass:1
NameArray:0,Mac,4,MarkPro-BoldItalic
NameArray:0,Win,1,MarkPro-BoldItalic
NameArray:0,Win,16,Mark Pro
%EndFont

%BeginFont
Handler:DirectoryHandler
FontType:Type1
FontName:MarkPro-Bold
FamilyName:Mark Pro
StyleName:Bold
FullName:MarkPro-Bold
MenuName:MarkPro-Bold
StyleBits:0
WritingScript:Roman
OutlineFileName:D:\Desktop\HAF\Design\Font\FontFont_FF.Mark.Pro.Bold.otf
DataFormat:sfntData
UsesStandardEncoding:yes
isCFF:yes
hasSVG:no
VariableFontType:NonVariableFont
FileLength:165936
FileModTime:1530795322
WeightClass:700
WidthClass:5
AngleClass:0
NameArray:0,Mac,4,MarkPro-Bold
NameArray:0,Win,1,MarkPro-Bold
NameArray:0,Win,16,Mark Pro
%EndFont

%BeginFont
Handler:DirectoryHandler
FontType:Type1
FontName:MarkPro-BookItalic
FamilyName:Mark Pro
StyleName:Book Italic
FullName:MarkPro-BookItalic
MenuName:MarkPro-BookItalic
StyleBits:0
WritingScript:Roman
OutlineFileName:D:\Desktop\HAF\Design\Font\FontFont_FF.Mark.Pro.Book.Italic.otf
DataFormat:sfntData
UsesStandardEncoding:yes
isCFF:yes
hasSVG:no
VariableFontType:NonVariableFont
FileLength:168212
FileModTime:1530795322
WeightClass:450
WidthClass:5
AngleClass:1
NameArray:0,Mac,4,MarkPro-BookItalic
NameArray:0,Win,1,MarkPro-BookItalic
NameArray:0,Win,16,Mark Pro
%EndFont

%BeginFont
Handler:DirectoryHandler
FontType:Type1
FontName:MarkPro-Book
FamilyName:Mark Pro
StyleName:Book
FullName:MarkPro-Book
MenuName:MarkPro-Book
StyleBits:0
WritingScript:Roman
OutlineFileName:D:\Desktop\HAF\Design\Font\FontFont_FF.Mark.Pro.Book.otf
DataFormat:sfntData
UsesStandardEncoding:yes
isCFF:yes
hasSVG:no
VariableFontType:NonVariableFont
FileLength:165500
FileModTime:1530795322
WeightClass:450
WidthClass:5
AngleClass:0
NameArray:0,Mac,4,MarkPro-Book
NameArray:0,Win,1,MarkPro-Book
NameArray:0,Win,16,Mark Pro
%EndFont

%BeginFont
Handler:DirectoryHandler
FontType:Type1
FontName:MarkPro-ExtraLightItalic
FamilyName:Mark Pro
StyleName:Extra Light Italic
FullName:MarkPro-ExtraLightItalic
MenuName:MarkPro-ExtraLightItalic
StyleBits:0
WritingScript:Roman
OutlineFileName:D:\Desktop\HAF\Design\Font\FontFont_FF.Mark.Pro.Extra.Light.Italic.otf
DataFormat:sfntData
UsesStandardEncoding:yes
isCFF:yes
hasSVG:no
VariableFontType:NonVariableFont
FileLength:165040
FileModTime:1530795322
WeightClass:300
WidthClass:5
AngleClass:1
NameArray:0,Mac,4,MarkPro-ExtraLightItalic
NameArray:0,Win,1,MarkPro-ExtraLightItalic
NameArray:0,Win,16,Mark Pro
%EndFont

%BeginFont
Handler:DirectoryHandler
FontType:Type1
FontName:MarkPro-ExtraLight
FamilyName:Mark Pro
StyleName:Extra Light
FullName:MarkPro-ExtraLight
MenuName:MarkPro-ExtraLight
StyleBits:0
WritingScript:Roman
OutlineFileName:D:\Desktop\HAF\Design\Font\FontFont_FF.Mark.Pro.Extra.Light.otf
DataFormat:sfntData
UsesStandardEncoding:yes
isCFF:yes
hasSVG:no
VariableFontType:NonVariableFont
FileLength:160780
FileModTime:1530795322
WeightClass:300
WidthClass:5
AngleClass:0
NameArray:0,Mac,4,MarkPro-ExtraLight
NameArray:0,Win,1,MarkPro-ExtraLight
NameArray:0,Win,16,Mark Pro
%EndFont

%BeginFont
Handler:DirectoryHandler
FontType:Type1
FontName:MarkPro-Hairline
FamilyName:Mark Pro
StyleName:Hairline
FullName:MarkPro-Hairline
MenuName:MarkPro-Hairline
StyleBits:0
WritingScript:Roman
OutlineFileName:D:\Desktop\HAF\Design\Font\FontFont_FF.Mark.Pro.Hairline.Italic.otf
DataFormat:sfntData
UsesStandardEncoding:yes
isCFF:yes
hasSVG:no
VariableFontType:NonVariableFont
FileLength:157092
FileModTime:1530795322
WeightClass:250
WidthClass:5
AngleClass:0
NameArray:0,Mac,4,MarkPro-Hairline
NameArray:0,Win,1,MarkPro-Hairline
NameArray:0,Win,16,Mark Pro
%EndFont

%BeginFont
Handler:DirectoryHandler
FontType:Type1
FontName:MarkPro-Hairline
FamilyName:Mark Pro
StyleName:Hairline
FullName:MarkPro-Hairline
MenuName:MarkPro-Hairline
StyleBits:0
WritingScript:Roman
OutlineFileName:D:\Desktop\HAF\Design\Font\FontFont_FF.Mark.Pro.Hairline.otf
DataFormat:sfntData
UsesStandardEncoding:yes
isCFF:yes
hasSVG:no
VariableFontType:NonVariableFont
FileLength:157092
FileModTime:1530795322
WeightClass:250
WidthClass:5
AngleClass:0
NameArray:0,Mac,4,MarkPro-Hairline
NameArray:0,Win,1,MarkPro-Hairline
NameArray:0,Win,16,Mark Pro
%EndFont

%BeginFont
Handler:DirectoryHandler
FontType:Type1
FontName:MarkPro-HeavyItalic
FamilyName:Mark Pro
StyleName:Heavy Italic
FullName:MarkPro-HeavyItalic
MenuName:MarkPro-HeavyItalic
StyleBits:0
WritingScript:Roman
OutlineFileName:D:\Desktop\HAF\Design\Font\FontFont_FF.Mark.Pro.Heavy.Italic.otf
DataFormat:sfntData
UsesStandardEncoding:yes
isCFF:yes
hasSVG:no
VariableFontType:NonVariableFont
FileLength:167624
FileModTime:1530795322
WeightClass:800
WidthClass:5
AngleClass:1
NameArray:0,Mac,4,MarkPro-HeavyItalic
NameArray:0,Win,1,MarkPro-HeavyItalic
NameArray:0,Win,16,Mark Pro
%EndFont

%BeginFont
Handler:DirectoryHandler
FontType:Type1
FontName:MarkPro-Heavy
FamilyName:Mark Pro
StyleName:Heavy
FullName:MarkPro-Heavy
MenuName:MarkPro-Heavy
StyleBits:0
WritingScript:Roman
OutlineFileName:D:\Desktop\HAF\Design\Font\FontFont_FF.Mark.Pro.Heavy.otf
DataFormat:sfntData
UsesStandardEncoding:yes
isCFF:yes
hasSVG:no
VariableFontType:NonVariableFont
FileLength:165096
FileModTime:1530795322
WeightClass:800
WidthClass:5
AngleClass:0
NameArray:0,Mac,4,MarkPro-Heavy
NameArray:0,Win,1,MarkPro-Heavy
NameArray:0,Win,16,Mark Pro
%EndFont

%BeginFont
Handler:DirectoryHandler
FontType:Type1
FontName:MarkPro-Italic
FamilyName:Mark Pro
StyleName:Italic
FullName:MarkPro-Italic
MenuName:MarkPro-Italic
StyleBits:0
WritingScript:Roman
OutlineFileName:D:\Desktop\HAF\Design\Font\FontFont_FF.Mark.Pro.Italic.otf
DataFormat:sfntData
UsesStandardEncoding:yes
isCFF:yes
hasSVG:no
VariableFontType:NonVariableFont
FileLength:168196
FileModTime:1530795322
WeightClass:400
WidthClass:5
AngleClass:1
NameArray:0,Mac,4,MarkPro-Italic
NameArray:0,Win,1,MarkPro-Italic
NameArray:0,Win,16,Mark Pro
%EndFont

%BeginFont
Handler:DirectoryHandler
FontType:Type1
FontName:MarkPro-LightItalic
FamilyName:Mark Pro
StyleName:Light Italic
FullName:MarkPro-LightItalic
MenuName:MarkPro-LightItalic
StyleBits:0
WritingScript:Roman
OutlineFileName:D:\Desktop\HAF\Design\Font\FontFont_FF.Mark.Pro.Light.Italic.otf
DataFormat:sfntData
UsesStandardEncoding:yes
isCFF:yes
hasSVG:no
VariableFontType:NonVariableFont
FileLength:166684
FileModTime:1530795322
WeightClass:350
WidthClass:5
AngleClass:1
NameArray:0,Mac,4,MarkPro-LightItalic
NameArray:0,Win,1,MarkPro-LightItalic
NameArray:0,Win,16,Mark Pro
%EndFont

%BeginFont
Handler:DirectoryHandler
FontType:Type1
FontName:MarkPro-Light
FamilyName:Mark Pro
StyleName:Light
FullName:MarkPro-Light
MenuName:MarkPro-Light
StyleBits:0
WritingScript:Roman
OutlineFileName:D:\Desktop\HAF\Design\Font\FontFont_FF.Mark.Pro.Light.otf
DataFormat:sfntData
UsesStandardEncoding:yes
isCFF:yes
hasSVG:no
VariableFontType:NonVariableFont
FileLength:163500
FileModTime:1530795322
WeightClass:350
WidthClass:5
AngleClass:0
NameArray:0,Mac,4,MarkPro-Light
NameArray:0,Win,1,MarkPro-Light
NameArray:0,Win,16,Mark Pro
%EndFont

%BeginFont
Handler:DirectoryHandler
FontType:Type1
FontName:MarkPro-MediumItalic
FamilyName:Mark Pro
StyleName:Medium Italic
FullName:MarkPro-MediumItalic
MenuName:MarkPro-MediumItalic
StyleBits:0
WritingScript:Roman
OutlineFileName:D:\Desktop\HAF\Design\Font\FontFont_FF.Mark.Pro.Medium.Italic.otf
DataFormat:sfntData
UsesStandardEncoding:yes
isCFF:yes
hasSVG:no
VariableFontType:NonVariableFont
FileLength:166072
FileModTime:1530795322
WeightClass:500
WidthClass:5
AngleClass:1
NameArray:0,Mac,4,MarkPro-MediumItalic
NameArray:0,Win,1,MarkPro-MediumItalic
NameArray:0,Win,16,Mark Pro
%EndFont

%BeginFont
Handler:DirectoryHandler
FontType:Type1
FontName:MarkPro-Medium
FamilyName:Mark Pro
StyleName:Medium
FullName:MarkPro-Medium
MenuName:MarkPro-Medium
StyleBits:0
WritingScript:Roman
OutlineFileName:D:\Desktop\HAF\Design\Font\FontFont_FF.Mark.Pro.Medium.otf
DataFormat:sfntData
UsesStandardEncoding:yes
isCFF:yes
hasSVG:no
VariableFontType:NonVariableFont
FileLength:162260
FileModTime:1530795322
WeightClass:500
WidthClass:5
AngleClass:0
NameArray:0,Mac,4,MarkPro-Medium
NameArray:0,Win,1,MarkPro-Medium
NameArray:0,Win,16,Mark Pro
%EndFont

%BeginFont
Handler:DirectoryHandler
FontType:Type1
FontName:MarkPro
FamilyName:Mark Pro
StyleName:Regular
FullName:MarkPro
MenuName:MarkPro
StyleBits:0
WritingScript:Roman
OutlineFileName:D:\Desktop\HAF\Design\Font\FontFont_FF.Mark.Pro.otf
DataFormat:sfntData
UsesStandardEncoding:yes
isCFF:yes
hasSVG:no
VariableFontType:NonVariableFont
FileLength:165396
FileModTime:1530795322
WeightClass:400
WidthClass:5
AngleClass:0
NameArray:0,Mac,4,MarkPro
NameArray:0,Win,1,MarkPro
NameArray:0,Win,16,Mark Pro
%EndFont

%BeginFont
Handler:DirectoryHandler
FontType:Type1
FontName:MarkPro-Hairline
FamilyName:Mark Pro
StyleName:Hairline
FullName:MarkPro-Hairline
MenuName:MarkPro-Hairline
StyleBits:0
WritingScript:Roman
OutlineFileName:D:\Desktop\HAF\Design\Font\FontFont_FF.Mark.Pro.Thin.otf
DataFormat:sfntData
UsesStandardEncoding:yes
isCFF:yes
hasSVG:no
VariableFontType:NonVariableFont
FileLength:157092
FileModTime:1530795322
WeightClass:250
WidthClass:5
AngleClass:0
NameArray:0,Mac,4,MarkPro-Hairline
NameArray:0,Win,1,MarkPro-Hairline
NameArray:0,Win,16,Mark Pro
%EndFont

